Java HotSpot(TM) 64-Bit Server VM (25.271-b09) for windows-amd64 JRE (1.8.0_271-b09), built on Sep 16 2020 19:14:59 by "" with MS VC++ 15.9 (VS2017)
Memory: 4k page, physical 16623216k(11463020k free), swap 17671792k(10062728k free)
CommandLine flags: -XX:InitialHeapSize=536870912 -XX:MaxHeapSize=536870912 -XX:MaxNewSize=178958336 -XX:MaxTenuringThreshold=6 -XX:NewSize=178958336 -XX:OldPLABSize=16 -XX:OldSize=357912576 -XX:+PrintGC -XX:+PrintGCDateStamps -XX:+PrintGCDetails -XX:+PrintGCTimeStamps -XX:+UseCompressedClassPointers -XX:+UseCompressedOops -XX:+UseConcMarkSweepGC -XX:-UseLargePagesIndividualAllocation -XX:+UseParNewGC 
2020-10-28T20:02:29.620-0500: 0.124: [GC (Allocation Failure) 2020-10-28T20:02:29.620-0500: 0.124: [ParNew: 139776K->17472K(157248K), 0.0066196 secs] 139776K->42940K(506816K), 0.0067592 secs] [Times: user=0.00 sys=0.00, real=0.01 secs] 
2020-10-28T20:02:29.640-0500: 0.145: [GC (Allocation Failure) 2020-10-28T20:02:29.640-0500: 0.145: [ParNew: 157248K->17465K(157248K), 0.0087403 secs] 182716K->87816K(506816K), 0.0088027 secs] [Times: user=0.00 sys=0.00, real=0.01 secs] 
2020-10-28T20:02:29.663-0500: 0.167: [GC (Allocation Failure) 2020-10-28T20:02:29.663-0500: 0.167: [ParNew: 157241K->17472K(157248K), 0.0159944 secs] 227592K->131131K(506816K), 0.0160500 secs] [Times: user=0.16 sys=0.00, real=0.01 secs] 
2020-10-28T20:02:29.691-0500: 0.196: [GC (Allocation Failure) 2020-10-28T20:02:29.691-0500: 0.196: [ParNew: 157248K->17471K(157248K), 0.0160321 secs] 270907K->173561K(506816K), 0.0160892 secs] [Times: user=0.14 sys=0.02, real=0.02 secs] 
2020-10-28T20:02:29.721-0500: 0.226: [GC (Allocation Failure) 2020-10-28T20:02:29.721-0500: 0.226: [ParNew: 157247K->17467K(157248K), 0.0144890 secs] 313337K->210516K(506816K), 0.0145461 secs] [Times: user=0.14 sys=0.01, real=0.02 secs] 
2020-10-28T20:02:29.736-0500: 0.241: [GC (CMS Initial Mark) [1 CMS-initial-mark: 193048K(349568K)] 213571K(506816K), 0.0008423 secs] [Times: user=0.00 sys=0.00, real=0.00 secs] 
2020-10-28T20:02:29.738-0500: 0.242: [CMS-concurrent-mark-start]
2020-10-28T20:02:29.738-0500: 0.242: [CMS-concurrent-mark: 0.001/0.001 secs] [Times: user=0.00 sys=0.00, real=0.00 secs] 
2020-10-28T20:02:29.739-0500: 0.243: [CMS-concurrent-preclean-start]
2020-10-28T20:02:29.739-0500: 0.243: [CMS-concurrent-preclean: 0.000/0.000 secs] [Times: user=0.00 sys=0.00, real=0.00 secs] 
2020-10-28T20:02:29.739-0500: 0.243: [CMS-concurrent-abortable-preclean-start]
2020-10-28T20:02:29.751-0500: 0.255: [GC (Allocation Failure) 2020-10-28T20:02:29.751-0500: 0.255: [ParNew: 156679K->17471K(157248K), 0.0157003 secs] 349728K->253925K(506816K), 0.0157569 secs] [Times: user=0.16 sys=0.00, real=0.02 secs] 
2020-10-28T20:02:29.780-0500: 0.285: [GC (Allocation Failure) 2020-10-28T20:02:29.780-0500: 0.285: [ParNew: 157247K->17471K(157248K), 0.0132350 secs] 393701K->288810K(506816K), 0.0132896 secs] [Times: user=0.14 sys=0.02, real=0.01 secs] 
2020-10-28T20:02:29.807-0500: 0.312: [GC (Allocation Failure) 2020-10-28T20:02:29.807-0500: 0.312: [ParNew: 157247K->17470K(157248K), 0.0167059 secs] 428586K->333840K(506816K), 0.0167631 secs] [Times: user=0.14 sys=0.02, real=0.02 secs] 
2020-10-28T20:02:29.836-0500: 0.341: [GC (Allocation Failure) 2020-10-28T20:02:29.836-0500: 0.341: [ParNew: 157246K->157246K(157248K), 0.0000142 secs]2020-10-28T20:02:29.836-0500: 0.341: [CMS2020-10-28T20:02:29.836-0500: 0.341: [CMS-concurrent-abortable-preclean: 0.003/0.098 secs] [Times: user=0.49 sys=0.03, real=0.10 secs] 
 (concurrent mode failure): 316370K->255669K(349568K), 0.0312173 secs] 473616K->255669K(506816K), [Metaspace: 2791K->2791K(1056768K)], 0.0313112 secs] [Times: user=0.03 sys=0.00, real=0.03 secs] 
2020-10-28T20:02:29.882-0500: 0.387: [GC (Allocation Failure) 2020-10-28T20:02:29.882-0500: 0.387: [ParNew: 139776K->17471K(157248K), 0.0057434 secs] 395445K->301852K(506816K), 0.0057988 secs] [Times: user=0.16 sys=0.00, real=0.01 secs] 
2020-10-28T20:02:29.888-0500: 0.393: [GC (CMS Initial Mark) [1 CMS-initial-mark: 284380K(349568K)] 305002K(506816K), 0.0008502 secs] [Times: user=0.00 sys=0.00, real=0.00 secs] 
2020-10-28T20:02:29.890-0500: 0.394: [CMS-concurrent-mark-start]
2020-10-28T20:02:29.890-0500: 0.394: [CMS-concurrent-mark: 0.001/0.001 secs] [Times: user=0.00 sys=0.00, real=0.00 secs] 
2020-10-28T20:02:29.890-0500: 0.394: [CMS-concurrent-preclean-start]
2020-10-28T20:02:29.891-0500: 0.395: [CMS-concurrent-preclean: 0.000/0.000 secs] [Times: user=0.00 sys=0.00, real=0.00 secs] 
2020-10-28T20:02:29.891-0500: 0.395: [CMS-concurrent-abortable-preclean-start]
2020-10-28T20:02:29.902-0500: 0.407: [GC (Allocation Failure) 2020-10-28T20:02:29.902-0500: 0.407: [ParNew: 157247K->17470K(157248K), 0.0072843 secs] 441628K->339453K(506816K), 0.0073401 secs] [Times: user=0.00 sys=0.00, real=0.01 secs] 
2020-10-28T20:02:29.923-0500: 0.428: [GC (Allocation Failure) 2020-10-28T20:02:29.923-0500: 0.428: [ParNew: 157246K->157246K(157248K), 0.0000141 secs]2020-10-28T20:02:29.923-0500: 0.428: [CMS2020-10-28T20:02:29.923-0500: 0.428: [CMS-concurrent-abortable-preclean: 0.001/0.034 secs] [Times: user=0.03 sys=0.00, real=0.03 secs] 
 (concurrent mode failure): 321982K->296264K(349568K), 0.0347431 secs] 479229K->296264K(506816K), [Metaspace: 2791K->2791K(1056768K)], 0.0348309 secs] [Times: user=0.03 sys=0.00, real=0.04 secs] 
2020-10-28T20:02:29.973-0500: 0.477: [GC (Allocation Failure) 2020-10-28T20:02:29.973-0500: 0.477: [ParNew: 139776K->17471K(157248K), 0.0062429 secs] 436040K->343815K(506816K), 0.0062988 secs] [Times: user=0.14 sys=0.02, real=0.01 secs] 
2020-10-28T20:02:29.979-0500: 0.484: [GC (CMS Initial Mark) [1 CMS-initial-mark: 326344K(349568K)] 346884K(506816K), 0.0007459 secs] [Times: user=0.00 sys=0.00, real=0.00 secs] 
2020-10-28T20:02:29.980-0500: 0.485: [CMS-concurrent-mark-start]
2020-10-28T20:02:29.981-0500: 0.485: [CMS-concurrent-mark: 0.001/0.001 secs] [Times: user=0.00 sys=0.00, real=0.00 secs] 
2020-10-28T20:02:29.981-0500: 0.485: [CMS-concurrent-preclean-start]
2020-10-28T20:02:29.982-0500: 0.486: [CMS-concurrent-preclean: 0.000/0.000 secs] [Times: user=0.00 sys=0.00, real=0.00 secs] 
2020-10-28T20:02:29.982-0500: 0.486: [CMS-concurrent-abortable-preclean-start]
2020-10-28T20:02:29.982-0500: 0.486: [CMS-concurrent-abortable-preclean: 0.000/0.000 secs] [Times: user=0.00 sys=0.00, real=0.00 secs] 
2020-10-28T20:02:29.982-0500: 0.486: [GC (CMS Final Remark) [YG occupancy: 29461 K (157248 K)]2020-10-28T20:02:29.982-0500: 0.486: [Rescan (parallel) , 0.0004410 secs]2020-10-28T20:02:29.982-0500: 0.486: [weak refs processing, 0.0000085 secs]2020-10-28T20:02:29.982-0500: 0.486: [class unloading, 0.0001656 secs]2020-10-28T20:02:29.982-0500: 0.487: [scrub symbol table, 0.0002648 secs]2020-10-28T20:02:29.982-0500: 0.487: [scrub string table, 0.0000816 secs][1 CMS-remark: 326344K(349568K)] 355805K(506816K), 0.0010039 secs] [Times: user=0.00 sys=0.00, real=0.00 secs] 
2020-10-28T20:02:29.983-0500: 0.487: [CMS-concurrent-sweep-start]
2020-10-28T20:02:29.983-0500: 0.487: [CMS-concurrent-sweep: 0.000/0.000 secs] [Times: user=0.00 sys=0.00, real=0.00 secs] 
2020-10-28T20:02:29.983-0500: 0.487: [CMS-concurrent-reset-start]
2020-10-28T20:02:29.983-0500: 0.488: [CMS-concurrent-reset: 0.000/0.000 secs] [Times: user=0.00 sys=0.00, real=0.00 secs] 
2020-10-28T20:02:29.994-0500: 0.499: [GC (Allocation Failure) 2020-10-28T20:02:29.994-0500: 0.499: [ParNew: 157247K->17470K(157248K), 0.0080693 secs] 444618K->348204K(506816K), 0.0081235 secs] [Times: user=0.00 sys=0.00, real=0.01 secs] 
2020-10-28T20:02:30.002-0500: 0.507: [GC (CMS Initial Mark) [1 CMS-initial-mark: 330733K(349568K)] 351125K(506816K), 0.0007737 secs] [Times: user=0.00 sys=0.00, real=0.00 secs] 
2020-10-28T20:02:30.004-0500: 0.508: [CMS-concurrent-mark-start]
2020-10-28T20:02:30.004-0500: 0.509: [CMS-concurrent-mark: 0.001/0.001 secs] [Times: user=0.00 sys=0.00, real=0.00 secs] 
2020-10-28T20:02:30.004-0500: 0.509: [CMS-concurrent-preclean-start]
2020-10-28T20:02:30.005-0500: 0.509: [CMS-concurrent-preclean: 0.000/0.000 secs] [Times: user=0.00 sys=0.00, real=0.00 secs] 
2020-10-28T20:02:30.005-0500: 0.509: [CMS-concurrent-abortable-preclean-start]
2020-10-28T20:02:30.005-0500: 0.509: [CMS-concurrent-abortable-preclean: 0.000/0.000 secs] [Times: user=0.00 sys=0.00, real=0.00 secs] 
2020-10-28T20:02:30.005-0500: 0.509: [GC (CMS Final Remark) [YG occupancy: 34622 K (157248 K)]2020-10-28T20:02:30.005-0500: 0.509: [Rescan (parallel) , 0.0005576 secs]2020-10-28T20:02:30.006-0500: 0.510: [weak refs processing, 0.0000091 secs]2020-10-28T20:02:30.006-0500: 0.510: [class unloading, 0.0001718 secs]2020-10-28T20:02:30.006-0500: 0.510: [scrub symbol table, 0.0002632 secs]2020-10-28T20:02:30.006-0500: 0.510: [scrub string table, 0.0000817 secs][1 CMS-remark: 330733K(349568K)] 365355K(506816K), 0.0011308 secs] [Times: user=0.00 sys=0.00, real=0.00 secs] 
2020-10-28T20:02:30.006-0500: 0.510: [CMS-concurrent-sweep-start]
2020-10-28T20:02:30.006-0500: 0.511: [CMS-concurrent-sweep: 0.000/0.000 secs] [Times: user=0.00 sys=0.00, real=0.00 secs] 
2020-10-28T20:02:30.006-0500: 0.511: [CMS-concurrent-reset-start]
2020-10-28T20:02:30.006-0500: 0.511: [CMS-concurrent-reset: 0.000/0.000 secs] [Times: user=0.00 sys=0.00, real=0.00 secs] 
2020-10-28T20:02:30.017-0500: 0.522: [GC (Allocation Failure) 2020-10-28T20:02:30.017-0500: 0.522: [ParNew: 157246K->157246K(157248K), 0.0000138 secs]2020-10-28T20:02:30.017-0500: 0.522: [CMS: 293869K->316994K(349568K), 0.0363478 secs] 451116K->316994K(506816K), [Metaspace: 2791K->2791K(1056768K)], 0.0364362 secs] [Times: user=0.03 sys=0.00, real=0.04 secs] 
2020-10-28T20:02:30.053-0500: 0.558: [GC (CMS Initial Mark) [1 CMS-initial-mark: 316994K(349568K)] 320473K(506816K), 0.0008934 secs] [Times: user=0.00 sys=0.00, real=0.00 secs] 
2020-10-28T20:02:30.055-0500: 0.559: [CMS-concurrent-mark-start]
2020-10-28T20:02:30.056-0500: 0.561: [CMS-concurrent-mark: 0.001/0.001 secs] [Times: user=0.06 sys=0.00, real=0.00 secs] 
2020-10-28T20:02:30.056-0500: 0.561: [CMS-concurrent-preclean-start]
2020-10-28T20:02:30.057-0500: 0.561: [CMS-concurrent-preclean: 0.000/0.000 secs] [Times: user=0.00 sys=0.00, real=0.00 secs] 
2020-10-28T20:02:30.057-0500: 0.561: [CMS-concurrent-abortable-preclean-start]
2020-10-28T20:02:30.069-0500: 0.573: [GC (Allocation Failure) 2020-10-28T20:02:30.069-0500: 0.573: [ParNew: 139624K->139624K(157248K), 0.0000149 secs]2020-10-28T20:02:30.069-0500: 0.573: [CMS2020-10-28T20:02:30.069-0500: 0.573: [CMS-concurrent-abortable-preclean: 0.000/0.012 secs] [Times: user=0.00 sys=0.00, real=0.01 secs] 
 (concurrent mode failure): 316994K->327846K(349568K), 0.0367933 secs] 456618K->327846K(506816K), [Metaspace: 2791K->2791K(1056768K)], 0.0368812 secs] [Times: user=0.05 sys=0.00, real=0.04 secs] 
2020-10-28T20:02:30.120-0500: 0.625: [GC (Allocation Failure) 2020-10-28T20:02:30.120-0500: 0.625: [ParNew: 139430K->139430K(157248K), 0.0000146 secs]2020-10-28T20:02:30.120-0500: 0.625: [CMS: 327846K->339777K(349568K), 0.0421674 secs] 467276K->339777K(506816K), [Metaspace: 2791K->2791K(1056768K)], 0.0422559 secs] [Times: user=0.03 sys=0.00, real=0.04 secs] 
2020-10-28T20:02:30.162-0500: 0.667: [GC (CMS Initial Mark) [1 CMS-initial-mark: 339777K(349568K)] 340500K(506816K), 0.0005911 secs] [Times: user=0.00 sys=0.00, real=0.00 secs] 
2020-10-28T20:02:30.163-0500: 0.668: [CMS-concurrent-mark-start]
2020-10-28T20:02:30.164-0500: 0.669: [CMS-concurrent-mark: 0.001/0.001 secs] [Times: user=0.00 sys=0.00, real=0.00 secs] 
2020-10-28T20:02:30.164-0500: 0.669: [CMS-concurrent-preclean-start]
2020-10-28T20:02:30.164-0500: 0.669: [CMS-concurrent-preclean: 0.000/0.000 secs] [Times: user=0.00 sys=0.00, real=0.00 secs] 
2020-10-28T20:02:30.164-0500: 0.669: [CMS-concurrent-abortable-preclean-start]
2020-10-28T20:02:30.164-0500: 0.669: [CMS-concurrent-abortable-preclean: 0.000/0.000 secs] [Times: user=0.00 sys=0.00, real=0.00 secs] 
2020-10-28T20:02:30.164-0500: 0.669: [GC (CMS Final Remark) [YG occupancy: 14133 K (157248 K)]2020-10-28T20:02:30.164-0500: 0.669: [Rescan (parallel) , 0.0004302 secs]2020-10-28T20:02:30.166-0500: 0.670: [weak refs processing, 0.0000102 secs]2020-10-28T20:02:30.166-0500: 0.670: [class unloading, 0.0001759 secs]2020-10-28T20:02:30.166-0500: 0.670: [scrub symbol table, 0.0002763 secs]2020-10-28T20:02:30.166-0500: 0.670: [scrub string table, 0.0000874 secs][1 CMS-remark: 339777K(349568K)] 353910K(506816K), 0.0010535 secs] [Times: user=0.03 sys=0.00, real=0.00 secs] 
2020-10-28T20:02:30.166-0500: 0.670: [CMS-concurrent-sweep-start]
2020-10-28T20:02:30.166-0500: 0.671: [CMS-concurrent-sweep: 0.000/0.000 secs] [Times: user=0.00 sys=0.00, real=0.00 secs] 
2020-10-28T20:02:30.166-0500: 0.671: [CMS-concurrent-reset-start]
2020-10-28T20:02:30.166-0500: 0.671: [CMS-concurrent-reset: 0.000/0.000 secs] [Times: user=0.00 sys=0.00, real=0.00 secs] 
2020-10-28T20:02:30.178-0500: 0.683: [GC (Allocation Failure) 2020-10-28T20:02:30.179-0500: 0.683: [ParNew: 139543K->139543K(157248K), 0.0000138 secs]2020-10-28T20:02:30.179-0500: 0.683: [CMS: 339706K->346912K(349568K), 0.0411443 secs] 479249K->346912K(506816K), [Metaspace: 2791K->2791K(1056768K)], 0.0412318 secs] [Times: user=0.05 sys=0.00, real=0.04 secs] 
2020-10-28T20:02:30.220-0500: 0.724: [GC (CMS Initial Mark) [1 CMS-initial-mark: 346912K(349568K)] 350415K(506816K), 0.0006393 secs] [Times: user=0.00 sys=0.00, real=0.00 secs] 
2020-10-28T20:02:30.221-0500: 0.725: [CMS-concurrent-mark-start]
2020-10-28T20:02:30.222-0500: 0.726: [CMS-concurrent-mark: 0.001/0.001 secs] [Times: user=0.00 sys=0.00, real=0.00 secs] 
2020-10-28T20:02:30.222-0500: 0.726: [CMS-concurrent-preclean-start]
2020-10-28T20:02:30.222-0500: 0.726: [CMS-concurrent-preclean: 0.000/0.000 secs] [Times: user=0.00 sys=0.00, real=0.00 secs] 
2020-10-28T20:02:30.222-0500: 0.726: [CMS-concurrent-abortable-preclean-start]
2020-10-28T20:02:30.222-0500: 0.726: [CMS-concurrent-abortable-preclean: 0.000/0.000 secs] [Times: user=0.00 sys=0.00, real=0.00 secs] 
2020-10-28T20:02:30.222-0500: 0.726: [GC (CMS Final Remark) [YG occupancy: 17696 K (157248 K)]2020-10-28T20:02:30.222-0500: 0.726: [Rescan (parallel) , 0.0006276 secs]2020-10-28T20:02:30.223-0500: 0.727: [weak refs processing, 0.0000100 secs]2020-10-28T20:02:30.223-0500: 0.727: [class unloading, 0.0001730 secs]2020-10-28T20:02:30.223-0500: 0.727: [scrub symbol table, 0.0002736 secs]2020-10-28T20:02:30.223-0500: 0.727: [scrub string table, 0.0000866 secs][1 CMS-remark: 346912K(349568K)] 364609K(506816K), 0.0012199 secs] [Times: user=0.00 sys=0.00, real=0.00 secs] 
2020-10-28T20:02:30.223-0500: 0.728: [CMS-concurrent-sweep-start]
2020-10-28T20:02:30.224-0500: 0.728: [CMS-concurrent-sweep: 0.000/0.000 secs] [Times: user=0.00 sys=0.00, real=0.00 secs] 
2020-10-28T20:02:30.224-0500: 0.728: [CMS-concurrent-reset-start]
2020-10-28T20:02:30.224-0500: 0.728: [CMS-concurrent-reset: 0.000/0.000 secs] [Times: user=0.00 sys=0.00, real=0.00 secs] 
2020-10-28T20:02:30.235-0500: 0.740: [GC (Allocation Failure) 2020-10-28T20:02:30.235-0500: 0.740: [ParNew: 139776K->139776K(157248K), 0.0000140 secs]2020-10-28T20:02:30.235-0500: 0.740: [CMS: 345790K->349480K(349568K), 0.0403371 secs] 485566K->353112K(506816K), [Metaspace: 2791K->2791K(1056768K)], 0.0404230 secs] [Times: user=0.05 sys=0.00, real=0.04 secs] 
2020-10-28T20:02:30.276-0500: 0.780: [GC (CMS Initial Mark) [1 CMS-initial-mark: 349480K(349568K)] 355902K(506816K), 0.0002006 secs] [Times: user=0.00 sys=0.00, real=0.00 secs] 
2020-10-28T20:02:30.276-0500: 0.780: [CMS-concurrent-mark-start]
2020-10-28T20:02:30.278-0500: 0.781: [CMS-concurrent-mark: 0.001/0.001 secs] [Times: user=0.00 sys=0.00, real=0.00 secs] 
2020-10-28T20:02:30.278-0500: 0.782: [CMS-concurrent-preclean-start]
2020-10-28T20:02:30.279-0500: 0.783: [CMS-concurrent-preclean: 0.001/0.001 secs] [Times: user=0.00 sys=0.00, real=0.00 secs] 
2020-10-28T20:02:30.279-0500: 0.783: [CMS-concurrent-abortable-preclean-start]
2020-10-28T20:02:30.279-0500: 0.783: [CMS-concurrent-abortable-preclean: 0.000/0.000 secs] [Times: user=0.00 sys=0.00, real=0.00 secs] 
2020-10-28T20:02:30.279-0500: 0.783: [GC (CMS Final Remark) [YG occupancy: 20929 K (157248 K)]2020-10-28T20:02:30.279-0500: 0.783: [Rescan (parallel) , 0.0003876 secs]2020-10-28T20:02:30.279-0500: 0.783: [weak refs processing, 0.0000660 secs]2020-10-28T20:02:30.279-0500: 0.783: [class unloading, 0.0001754 secs]2020-10-28T20:02:30.279-0500: 0.783: [scrub symbol table, 0.0002781 secs]2020-10-28T20:02:30.280-0500: 0.784: [scrub string table, 0.0000883 secs][1 CMS-remark: 349480K(349568K)] 370410K(506816K), 0.0010442 secs] [Times: user=0.00 sys=0.00, real=0.00 secs] 
2020-10-28T20:02:30.280-0500: 0.784: [CMS-concurrent-sweep-start]
2020-10-28T20:02:30.280-0500: 0.784: [CMS-concurrent-sweep: 0.000/0.000 secs] [Times: user=0.00 sys=0.00, real=0.00 secs] 
2020-10-28T20:02:30.280-0500: 0.784: [CMS-concurrent-reset-start]
2020-10-28T20:02:30.281-0500: 0.784: [CMS-concurrent-reset: 0.000/0.000 secs] [Times: user=0.00 sys=0.00, real=0.00 secs] 
2020-10-28T20:02:30.294-0500: 0.799: [GC (Allocation Failure) 2020-10-28T20:02:30.294-0500: 0.799: [ParNew: 156816K->156816K(157248K), 0.0000177 secs]2020-10-28T20:02:30.294-0500: 0.799: [CMS: 349480K->349323K(349568K), 0.0412613 secs] 506297K->355521K(506816K), [Metaspace: 2791K->2791K(1056768K)], 0.0413558 secs] [Times: user=0.03 sys=0.00, real=0.04 secs] 
2020-10-28T20:02:30.335-0500: 0.840: [GC (CMS Initial Mark) [1 CMS-initial-mark: 349323K(349568K)] 356225K(506816K), 0.0006672 secs] [Times: user=0.00 sys=0.00, real=0.00 secs] 
2020-10-28T20:02:30.337-0500: 0.841: [CMS-concurrent-mark-start]
2020-10-28T20:02:30.337-0500: 0.842: [CMS-concurrent-mark: 0.001/0.001 secs] [Times: user=0.00 sys=0.00, real=0.00 secs] 
2020-10-28T20:02:30.338-0500: 0.842: [CMS-concurrent-preclean-start]
2020-10-28T20:02:30.339-0500: 0.843: [CMS-concurrent-preclean: 0.001/0.001 secs] [Times: user=0.02 sys=0.02, real=0.00 secs] 
2020-10-28T20:02:30.339-0500: 0.843: [CMS-concurrent-abortable-preclean-start]
2020-10-28T20:02:30.339-0500: 0.843: [CMS-concurrent-abortable-preclean: 0.000/0.000 secs] [Times: user=0.00 sys=0.00, real=0.00 secs] 
2020-10-28T20:02:30.339-0500: 0.843: [GC (CMS Final Remark) [YG occupancy: 28374 K (157248 K)]2020-10-28T20:02:30.339-0500: 0.843: [Rescan (parallel) , 0.0005485 secs]2020-10-28T20:02:30.340-0500: 0.844: [weak refs processing, 0.0000095 secs]2020-10-28T20:02:30.340-0500: 0.844: [class unloading, 0.0001780 secs]2020-10-28T20:02:30.340-0500: 0.844: [scrub symbol table, 0.0002796 secs]2020-10-28T20:02:30.340-0500: 0.844: [scrub string table, 0.0000892 secs][1 CMS-remark: 349323K(349568K)] 377697K(506816K), 0.0011504 secs] [Times: user=0.00 sys=0.00, real=0.00 secs] 
2020-10-28T20:02:30.340-0500: 0.845: [CMS-concurrent-sweep-start]
2020-10-28T20:02:30.341-0500: 0.845: [CMS-concurrent-sweep: 0.000/0.000 secs] [Times: user=0.00 sys=0.00, real=0.00 secs] 
2020-10-28T20:02:30.341-0500: 0.845: [CMS-concurrent-reset-start]
2020-10-28T20:02:30.341-0500: 0.845: [CMS-concurrent-reset: 0.000/0.000 secs] [Times: user=0.00 sys=0.00, real=0.00 secs] 
2020-10-28T20:02:30.353-0500: 0.858: [GC (Allocation Failure) 2020-10-28T20:02:30.353-0500: 0.858: [ParNew: 157099K->157099K(157248K), 0.0000135 secs]2020-10-28T20:02:30.353-0500: 0.858: [CMS: 348366K->349397K(349568K), 0.0404881 secs] 505465K->355463K(506816K), [Metaspace: 2791K->2791K(1056768K)], 0.0405753 secs] [Times: user=0.03 sys=0.00, real=0.04 secs] 
2020-10-28T20:02:30.394-0500: 0.899: [GC (CMS Initial Mark) [1 CMS-initial-mark: 349397K(349568K)] 358565K(506816K), 0.0005936 secs] [Times: user=0.00 sys=0.00, real=0.00 secs] 
2020-10-28T20:02:30.395-0500: 0.899: [CMS-concurrent-mark-start]
2020-10-28T20:02:30.396-0500: 0.900: [CMS-concurrent-mark: 0.001/0.001 secs] [Times: user=0.00 sys=0.00, real=0.00 secs] 
2020-10-28T20:02:30.396-0500: 0.900: [CMS-concurrent-preclean-start]
2020-10-28T20:02:30.397-0500: 0.901: [CMS-concurrent-preclean: 0.001/0.001 secs] [Times: user=0.00 sys=0.00, real=0.00 secs] 
2020-10-28T20:02:30.397-0500: 0.901: [CMS-concurrent-abortable-preclean-start]
2020-10-28T20:02:30.397-0500: 0.901: [CMS-concurrent-abortable-preclean: 0.000/0.000 secs] [Times: user=0.00 sys=0.00, real=0.00 secs] 
2020-10-28T20:02:30.397-0500: 0.901: [GC (CMS Final Remark) [YG occupancy: 27281 K (157248 K)]2020-10-28T20:02:30.397-0500: 0.901: [Rescan (parallel) , 0.0003494 secs]2020-10-28T20:02:30.398-0500: 0.902: [weak refs processing, 0.0000121 secs]2020-10-28T20:02:30.398-0500: 0.902: [class unloading, 0.0001764 secs]2020-10-28T20:02:30.398-0500: 0.902: [scrub symbol table, 0.0002910 secs]2020-10-28T20:02:30.398-0500: 0.902: [scrub string table, 0.0000900 secs][1 CMS-remark: 349397K(349568K)] 376679K(506816K), 0.0009795 secs] [Times: user=0.00 sys=0.00, real=0.00 secs] 
2020-10-28T20:02:30.398-0500: 0.902: [CMS-concurrent-sweep-start]
2020-10-28T20:02:30.399-0500: 0.903: [CMS-concurrent-sweep: 0.000/0.000 secs] [Times: user=0.00 sys=0.00, real=0.00 secs] 
2020-10-28T20:02:30.399-0500: 0.903: [CMS-concurrent-reset-start]
2020-10-28T20:02:30.399-0500: 0.903: [CMS-concurrent-reset: 0.000/0.000 secs] [Times: user=0.00 sys=0.00, real=0.00 secs] 
2020-10-28T20:02:30.412-0500: 0.916: [GC (Allocation Failure) 2020-10-28T20:02:30.412-0500: 0.916: [ParNew: 157171K->157171K(157248K), 0.0000138 secs]2020-10-28T20:02:30.412-0500: 0.916: [CMS: 349104K->349484K(349568K), 0.0404619 secs] 506276K->352203K(506816K), [Metaspace: 2791K->2791K(1056768K)], 0.0405469 secs] [Times: user=0.05 sys=0.00, real=0.04 secs] 
2020-10-28T20:02:30.453-0500: 0.957: [GC (CMS Initial Mark) [1 CMS-initial-mark: 349484K(349568K)] 352517K(506816K), 0.0007287 secs] [Times: user=0.00 sys=0.00, real=0.00 secs] 
2020-10-28T20:02:30.454-0500: 0.958: [CMS-concurrent-mark-start]
2020-10-28T20:02:30.455-0500: 0.959: [CMS-concurrent-mark: 0.001/0.001 secs] [Times: user=0.00 sys=0.00, real=0.00 secs] 
2020-10-28T20:02:30.455-0500: 0.959: [CMS-concurrent-preclean-start]
2020-10-28T20:02:30.456-0500: 0.960: [CMS-concurrent-preclean: 0.001/0.001 secs] [Times: user=0.00 sys=0.00, real=0.00 secs] 
2020-10-28T20:02:30.456-0500: 0.960: [CMS-concurrent-abortable-preclean-start]
2020-10-28T20:02:30.456-0500: 0.960: [CMS-concurrent-abortable-preclean: 0.000/0.000 secs] [Times: user=0.00 sys=0.00, real=0.00 secs] 
2020-10-28T20:02:30.456-0500: 0.960: [GC (CMS Final Remark) [YG occupancy: 22173 K (157248 K)]2020-10-28T20:02:30.456-0500: 0.960: [Rescan (parallel) , 0.0004304 secs]2020-10-28T20:02:30.456-0500: 0.960: [weak refs processing, 0.0000085 secs]2020-10-28T20:02:30.456-0500: 0.960: [class unloading, 0.0001711 secs]2020-10-28T20:02:30.456-0500: 0.961: [scrub symbol table, 0.0003216 secs]2020-10-28T20:02:30.457-0500: 0.961: [scrub string table, 0.0000882 secs][1 CMS-remark: 349484K(349568K)] 371657K(506816K), 0.0010665 secs] [Times: user=0.00 sys=0.00, real=0.00 secs] 
2020-10-28T20:02:30.457-0500: 0.961: [CMS-concurrent-sweep-start]
2020-10-28T20:02:30.457-0500: 0.962: [CMS-concurrent-sweep: 0.000/0.000 secs] [Times: user=0.00 sys=0.00, real=0.00 secs] 
2020-10-28T20:02:30.457-0500: 0.962: [CMS-concurrent-reset-start]
2020-10-28T20:02:30.458-0500: 0.962: [CMS-concurrent-reset: 0.000/0.000 secs] [Times: user=0.00 sys=0.00, real=0.00 secs] 
2020-10-28T20:02:30.471-0500: 0.975: [GC (Allocation Failure) 2020-10-28T20:02:30.471-0500: 0.975: [ParNew: 157189K->157189K(157248K), 0.0000131 secs]2020-10-28T20:02:30.471-0500: 0.975: [CMS: 349484K->349341K(349568K), 0.0401089 secs] 506674K->349998K(506816K), [Metaspace: 2791K->2791K(1056768K)], 0.0401883 secs] [Times: user=0.05 sys=0.00, real=0.04 secs] 
2020-10-28T20:02:30.511-0500: 1.015: [GC (CMS Initial Mark) [1 CMS-initial-mark: 349341K(349568K)] 353309K(506816K), 0.0005473 secs] [Times: user=0.00 sys=0.00, real=0.00 secs] 
2020-10-28T20:02:30.512-0500: 1.016: [CMS-concurrent-mark-start]
2020-10-28T20:02:30.513-0500: 1.017: [CMS-concurrent-mark: 0.001/0.001 secs] [Times: user=0.00 sys=0.00, real=0.00 secs] 
2020-10-28T20:02:30.513-0500: 1.017: [CMS-concurrent-preclean-start]
2020-10-28T20:02:30.514-0500: 1.018: [CMS-concurrent-preclean: 0.001/0.001 secs] [Times: user=0.00 sys=0.00, real=0.00 secs] 
2020-10-28T20:02:30.514-0500: 1.018: [CMS-concurrent-abortable-preclean-start]
2020-10-28T20:02:30.514-0500: 1.018: [CMS-concurrent-abortable-preclean: 0.000/0.000 secs] [Times: user=0.00 sys=0.00, real=0.00 secs] 
2020-10-28T20:02:30.514-0500: 1.018: [GC (CMS Final Remark) [YG occupancy: 21125 K (157248 K)]2020-10-28T20:02:30.514-0500: 1.018: [Rescan (parallel) , 0.0007067 secs]2020-10-28T20:02:30.515-0500: 1.019: [weak refs processing, 0.0000086 secs]2020-10-28T20:02:30.515-0500: 1.019: [class unloading, 0.0001758 secs]2020-10-28T20:02:30.515-0500: 1.019: [scrub symbol table, 0.0002709 secs]2020-10-28T20:02:30.515-0500: 1.019: [scrub string table, 0.0000847 secs][1 CMS-remark: 349341K(349568K)] 370467K(506816K), 0.0012981 secs] [Times: user=0.00 sys=0.00, real=0.00 secs] 
2020-10-28T20:02:30.515-0500: 1.019: [CMS-concurrent-sweep-start]
2020-10-28T20:02:30.516-0500: 1.020: [CMS-concurrent-sweep: 0.000/0.000 secs] [Times: user=0.00 sys=0.00, real=0.00 secs] 
2020-10-28T20:02:30.516-0500: 1.020: [CMS-concurrent-reset-start]
2020-10-28T20:02:30.516-0500: 1.020: [CMS-concurrent-reset: 0.000/0.000 secs] [Times: user=0.00 sys=0.00, real=0.00 secs] 
2020-10-28T20:02:30.529-0500: 1.033: [GC (Allocation Failure) 2020-10-28T20:02:30.529-0500: 1.033: [ParNew: 157022K->157022K(157248K), 0.0000152 secs]2020-10-28T20:02:30.529-0500: 1.033: [CMS: 348917K->349326K(349568K), 0.0405911 secs] 505940K->358063K(506816K), [Metaspace: 2791K->2791K(1056768K)], 0.0406717 secs] [Times: user=0.03 sys=0.00, real=0.04 secs] 
2020-10-28T20:02:30.570-0500: 1.074: [GC (CMS Initial Mark) [1 CMS-initial-mark: 349326K(349568K)] 361547K(506816K), 0.0006806 secs] [Times: user=0.00 sys=0.00, real=0.00 secs] 
2020-10-28T20:02:30.571-0500: 1.075: [CMS-concurrent-mark-start]
2020-10-28T20:02:30.572-0500: 1.076: [CMS-concurrent-mark: 0.001/0.001 secs] [Times: user=0.06 sys=0.00, real=0.00 secs] 
2020-10-28T20:02:30.572-0500: 1.076: [CMS-concurrent-preclean-start]
Heap
 par new generation   total 157248K, used 15016K [0x00000000e0000000, 0x00000000eaaa0000, 0x00000000eaaa0000)
  eden space 139776K,  10% used [0x00000000e0000000, 0x00000000e0eaa3c0, 0x00000000e8880000)
  from space 17472K,   0% used [0x00000000e8880000, 0x00000000e8880000, 0x00000000e9990000)
  to   space 17472K,   0% used [0x00000000e9990000, 0x00000000e9990000, 0x00000000eaaa0000)
 concurrent mark-sweep generation total 349568K, used 349326K [0x00000000eaaa0000, 0x0000000100000000, 0x0000000100000000)
 Metaspace       used 2798K, capacity 4486K, committed 4864K, reserved 1056768K
  class space    used 309K, capacity 386K, committed 512K, reserved 1048576K
