Java HotSpot(TM) 64-Bit Server VM (25.271-b09) for windows-amd64 JRE (1.8.0_271-b09), built on Sep 16 2020 19:14:59 by "" with MS VC++ 15.9 (VS2017)
Memory: 4k page, physical 16623216k(12283356k free), swap 17671792k(11082176k free)
CommandLine flags: -XX:InitialHeapSize=536870912 -XX:MaxHeapSize=536870912 -XX:+PrintGC -XX:+PrintGCDateStamps -XX:+PrintGCDetails -XX:+PrintGCTimeStamps -XX:+UseCompressedClassPointers -XX:+UseCompressedOops -XX:-UseLargePagesIndividualAllocation -XX:+UseSerialGC 
2020-10-28T19:53:05.329-0500: 0.118: [GC (Allocation Failure) 2020-10-28T19:53:05.329-0500: 0.119: [DefNew: 139620K->17472K(157248K), 0.0188517 secs] 139620K->49206K(506816K), 0.0189957 secs] [Times: user=0.00 sys=0.02, real=0.02 secs] 
2020-10-28T19:53:05.362-0500: 0.151: [GC (Allocation Failure) 2020-10-28T19:53:05.362-0500: 0.151: [DefNew: 156664K->17471K(157248K), 0.0199786 secs] 188399K->92465K(506816K), 0.0200313 secs] [Times: user=0.00 sys=0.02, real=0.02 secs] 
2020-10-28T19:53:05.396-0500: 0.185: [GC (Allocation Failure) 2020-10-28T19:53:05.396-0500: 0.185: [DefNew: 157247K->17471K(157248K), 0.0153633 secs] 232241K->137057K(506816K), 0.0154325 secs] [Times: user=0.02 sys=0.00, real=0.02 secs] 
2020-10-28T19:53:05.424-0500: 0.213: [GC (Allocation Failure) 2020-10-28T19:53:05.424-0500: 0.213: [DefNew: 157247K->17472K(157248K), 0.0177680 secs] 276833K->189376K(506816K), 0.0178267 secs] [Times: user=0.00 sys=0.02, real=0.02 secs] 
2020-10-28T19:53:05.453-0500: 0.243: [GC (Allocation Failure) 2020-10-28T19:53:05.453-0500: 0.243: [DefNew: 157248K->17471K(157248K), 0.0160775 secs] 329152K->236387K(506816K), 0.0161299 secs] [Times: user=0.00 sys=0.01, real=0.02 secs] 
2020-10-28T19:53:05.482-0500: 0.271: [GC (Allocation Failure) 2020-10-28T19:53:05.482-0500: 0.271: [DefNew: 157247K->17472K(157248K), 0.0168444 secs] 376163K->285890K(506816K), 0.0168968 secs] [Times: user=0.00 sys=0.02, real=0.02 secs] 
2020-10-28T19:53:05.510-0500: 0.300: [GC (Allocation Failure) 2020-10-28T19:53:05.510-0500: 0.300: [DefNew: 157248K->17471K(157248K), 0.0159059 secs] 425666K->330800K(506816K), 0.0159591 secs] [Times: user=0.02 sys=0.00, real=0.02 secs] 
2020-10-28T19:53:05.539-0500: 0.328: [GC (Allocation Failure) 2020-10-28T19:53:05.539-0500: 0.328: [DefNew: 157247K->157247K(157248K), 0.0000140 secs]2020-10-28T19:53:05.539-0500: 0.328: [Tenured: 313328K->273869K(349568K), 0.0292159 secs] 470576K->273869K(506816K), [Metaspace: 2791K->2791K(1056768K)], 0.0312832 secs] [Times: user=0.03 sys=0.00, real=0.03 secs] 
2020-10-28T19:53:05.584-0500: 0.374: [GC (Allocation Failure) 2020-10-28T19:53:05.584-0500: 0.374: [DefNew: 139776K->17468K(157248K), 0.0046623 secs] 413645K->314923K(506816K), 0.0047177 secs] [Times: user=0.02 sys=0.00, real=0.00 secs] 
2020-10-28T19:53:05.601-0500: 0.391: [GC (Allocation Failure) 2020-10-28T19:53:05.601-0500: 0.391: [DefNew: 157244K->157244K(157248K), 0.0000115 secs]2020-10-28T19:53:05.601-0500: 0.391: [Tenured: 297454K->300904K(349568K), 0.0322627 secs] 454699K->300904K(506816K), [Metaspace: 2791K->2791K(1056768K)], 0.0323386 secs] [Times: user=0.03 sys=0.00, real=0.03 secs] 
2020-10-28T19:53:05.648-0500: 0.438: [GC (Allocation Failure) 2020-10-28T19:53:05.648-0500: 0.438: [DefNew: 139776K->139776K(157248K), 0.0000121 secs]2020-10-28T19:53:05.648-0500: 0.438: [Tenured: 300904K->316690K(349568K), 0.0336129 secs] 440680K->316690K(506816K), [Metaspace: 2791K->2791K(1056768K)], 0.0336911 secs] [Times: user=0.05 sys=0.00, real=0.03 secs] 
2020-10-28T19:53:05.696-0500: 0.485: [GC (Allocation Failure) 2020-10-28T19:53:05.696-0500: 0.485: [DefNew: 139776K->139776K(157248K), 0.0000123 secs]2020-10-28T19:53:05.696-0500: 0.485: [Tenured: 316690K->313772K(349568K), 0.0364794 secs] 456466K->313772K(506816K), [Metaspace: 2791K->2791K(1056768K)], 0.0365569 secs] [Times: user=0.05 sys=0.00, real=0.04 secs] 
2020-10-28T19:53:05.746-0500: 0.536: [GC (Allocation Failure) 2020-10-28T19:53:05.746-0500: 0.536: [DefNew: 139776K->139776K(157248K), 0.0000128 secs]2020-10-28T19:53:05.746-0500: 0.536: [Tenured: 313772K->332852K(349568K), 0.0255547 secs] 453548K->332852K(506816K), [Metaspace: 2791K->2791K(1056768K)], 0.0256821 secs] [Times: user=0.01 sys=0.00, real=0.03 secs] 
2020-10-28T19:53:05.787-0500: 0.576: [GC (Allocation Failure) 2020-10-28T19:53:05.787-0500: 0.576: [DefNew: 139776K->139776K(157248K), 0.0000104 secs]2020-10-28T19:53:05.787-0500: 0.576: [Tenured: 332852K->339205K(349568K), 0.0322465 secs] 472628K->339205K(506816K), [Metaspace: 2791K->2791K(1056768K)], 0.0323172 secs] [Times: user=0.03 sys=0.00, real=0.03 secs] 
2020-10-28T19:53:05.834-0500: 0.624: [GC (Allocation Failure) 2020-10-28T19:53:05.834-0500: 0.624: [DefNew: 139614K->139614K(157248K), 0.0000110 secs]2020-10-28T19:53:05.834-0500: 0.624: [Tenured: 339205K->347692K(349568K), 0.0361152 secs] 478819K->347692K(506816K), [Metaspace: 2791K->2791K(1056768K)], 0.0361889 secs] [Times: user=0.03 sys=0.01, real=0.04 secs] 
2020-10-28T19:53:05.884-0500: 0.674: [GC (Allocation Failure) 2020-10-28T19:53:05.884-0500: 0.674: [DefNew: 139776K->139776K(157248K), 0.0000113 secs]2020-10-28T19:53:05.884-0500: 0.674: [Tenured: 347692K->334248K(349568K), 0.0387564 secs] 487468K->334248K(506816K), [Metaspace: 2791K->2791K(1056768K)], 0.0388300 secs] [Times: user=0.05 sys=0.00, real=0.04 secs] 
2020-10-28T19:53:05.938-0500: 0.728: [GC (Allocation Failure) 2020-10-28T19:53:05.938-0500: 0.728: [DefNew: 139776K->139776K(157248K), 0.0000110 secs]2020-10-28T19:53:05.938-0500: 0.728: [Tenured: 334248K->349526K(349568K), 0.0244628 secs] 474024K->352338K(506816K), [Metaspace: 2791K->2791K(1056768K)], 0.0245366 secs] [Times: user=0.02 sys=0.02, real=0.03 secs] 
2020-10-28T19:53:05.978-0500: 0.768: [Full GC (Allocation Failure) 2020-10-28T19:53:05.978-0500: 0.768: [Tenured: 349526K->349561K(349568K), 0.0328153 secs] 506263K->358188K(506816K), [Metaspace: 2791K->2791K(1056768K)], 0.0328759 secs] [Times: user=0.03 sys=0.00, real=0.03 secs] 
2020-10-28T19:53:06.025-0500: 0.814: [Full GC (Allocation Failure) 2020-10-28T19:53:06.025-0500: 0.814: [Tenured: 349561K->349201K(349568K), 0.0374455 secs] 506719K->370640K(506816K), [Metaspace: 2791K->2791K(1056768K)], 0.0375055 secs] [Times: user=0.03 sys=0.00, real=0.04 secs] 
2020-10-28T19:53:06.077-0500: 0.867: [Full GC (Allocation Failure) 2020-10-28T19:53:06.077-0500: 0.867: [Tenured: 349201K->349498K(349568K), 0.0415095 secs] 505966K->356401K(506816K), [Metaspace: 2791K->2791K(1056768K)], 0.0415729 secs] [Times: user=0.05 sys=0.00, real=0.04 secs] 
2020-10-28T19:53:06.134-0500: 0.924: [Full GC (Allocation Failure) 2020-10-28T19:53:06.134-0500: 0.924: [Tenured: 349498K->349244K(349568K), 0.0328388 secs] 506497K->377478K(506816K), [Metaspace: 2791K->2791K(1056768K)], 0.0329000 secs] [Times: user=0.03 sys=0.00, real=0.03 secs] 
2020-10-28T19:53:06.180-0500: 0.970: [Full GC (Allocation Failure) 2020-10-28T19:53:06.180-0500: 0.970: [Tenured: 349532K->349490K(349568K), 0.0356587 secs] 506748K->379829K(506816K), [Metaspace: 2791K->2791K(1056768K)], 0.0357242 secs] [Times: user=0.05 sys=0.00, real=0.04 secs] 
2020-10-28T19:53:06.229-0500: 1.019: [Full GC (Allocation Failure) 2020-10-28T19:53:06.229-0500: 1.019: [Tenured: 349490K->349532K(349568K), 0.0380273 secs] 506649K->384130K(506816K), [Metaspace: 2791K->2791K(1056768K)], 0.0380891 secs] [Times: user=0.03 sys=0.00, real=0.04 secs] 
Heap
 def new generation   total 157248K, used 147067K [0x00000000e0000000, 0x00000000eaaa0000, 0x00000000eaaa0000)
  eden space 139776K, 100% used [0x00000000e0000000, 0x00000000e8880000, 0x00000000e8880000)
  from space 17472K,  41% used [0x00000000e8880000, 0x00000000e8f9ec08, 0x00000000e9990000)
  to   space 17472K,   0% used [0x00000000e9990000, 0x00000000e9990000, 0x00000000eaaa0000)
 tenured generation   total 349568K, used 349532K [0x00000000eaaa0000, 0x0000000100000000, 0x0000000100000000)
   the space 349568K,  99% used [0x00000000eaaa0000, 0x00000000ffff7198, 0x00000000ffff7200, 0x0000000100000000)
 Metaspace       used 2798K, capacity 4486K, committed 4864K, reserved 1056768K
  class space    used 309K, capacity 386K, committed 512K, reserved 1048576K
